Archive member included because of file (symbol)

c:/nxp/kds_v3/toolchain/bin/../lib/gcc/arm-none-eabi/4.8.4/../../../../arm-none-eabi/lib/armv7e-m/fpu\libg_s.a(lib_a-exit.o)
                              c:/nxp/kds_v3/toolchain/bin/../lib/gcc/arm-none-eabi/4.8.4/../../../../arm-none-eabi/lib/armv7e-m/fpu/crt0.o (exit)
c:/nxp/kds_v3/toolchain/bin/../lib/gcc/arm-none-eabi/4.8.4/../../../../arm-none-eabi/lib/armv7e-m/fpu\libg_s.a(lib_a-fwrite.o)
                              ./Sources/cbmbasic/console.o (fwrite)
c:/nxp/kds_v3/toolchain/bin/../lib/gcc/arm-none-eabi/4.8.4/../../../../arm-none-eabi/lib/armv7e-m/fpu\libg_s.a(lib_a-impure.o)
                              c:/nxp/kds_v3/toolchain/bin/../lib/gcc/arm-none-eabi/4.8.4/../../../../arm-none-eabi/lib/armv7e-m/fpu\libg_s.a(lib_a-exit.o) (_global_impure_ptr)
c:/nxp/kds_v3/toolchain/bin/../lib/gcc/arm-none-eabi/4.8.4/../../../../arm-none-eabi/lib/armv7e-m/fpu\libg_s.a(lib_a-init.o)
                              c:/nxp/kds_v3/toolchain/bin/../lib/gcc/arm-none-eabi/4.8.4/../../../../arm-none-eabi/lib/armv7e-m/fpu/crt0.o (__libc_init_array)
c:/nxp/kds_v3/toolchain/bin/../lib/gcc/arm-none-eabi/4.8.4/../../../../arm-none-eabi/lib/armv7e-m/fpu\libg_s.a(lib_a-memcpy-stub.o)
                              ./Sources/cbmbasic/cbmbasic.o (memcpy)
c:/nxp/kds_v3/toolchain/bin/../lib/gcc/arm-none-eabi/4.8.4/../../../../arm-none-eabi/lib/armv7e-m/fpu\libg_s.a(lib_a-memset.o)
                              c:/nxp/kds_v3/toolchain/bin/../lib/gcc/arm-none-eabi/4.8.4/../../../../arm-none-eabi/lib/armv7e-m/fpu/crt0.o (memset)
c:/nxp/kds_v3/toolchain/bin/../lib/gcc/arm-none-eabi/4.8.4/../../../../arm-none-eabi/lib/armv7e-m/fpu\libg_s.a(lib_a-printf.o)
                              ./Sources/cbmbasic/console.o (printf)
c:/nxp/kds_v3/toolchain/bin/../lib/gcc/arm-none-eabi/4.8.4/../../../../arm-none-eabi/lib/armv7e-m/fpu\libg_s.a(lib_a-puts.o)
                              ./Sources/cbmbasic/cbmbasic.o (puts)
c:/nxp/kds_v3/toolchain/bin/../lib/gcc/arm-none-eabi/4.8.4/../../../../arm-none-eabi/lib/armv7e-m/fpu\libg_s.a(lib_a-system.o)
                              ./Sources/cbmbasic/plugin.o (system)
c:/nxp/kds_v3/toolchain/bin/../lib/gcc/arm-none-eabi/4.8.4/../../../../arm-none-eabi/lib/armv7e-m/fpu\libg_s.a(lib_a-vfprintf.o)
                              c:/nxp/kds_v3/toolchain/bin/../lib/gcc/arm-none-eabi/4.8.4/../../../../arm-none-eabi/lib/armv7e-m/fpu\libg_s.a(lib_a-printf.o) (_vfprintf_r)
c:/nxp/kds_v3/toolchain/bin/../lib/gcc/arm-none-eabi/4.8.4/../../../../arm-none-eabi/lib/armv7e-m/fpu\libg_s.a(lib_a-vfprintf_i.o)
                              c:/nxp/kds_v3/toolchain/bin/../lib/gcc/arm-none-eabi/4.8.4/../../../../arm-none-eabi/lib/armv7e-m/fpu\libg_s.a(lib_a-vfprintf.o) (_printf_i)
c:/nxp/kds_v3/toolchain/bin/../lib/gcc/arm-none-eabi/4.8.4/../../../../arm-none-eabi/lib/armv7e-m/fpu\libg_s.a(lib_a-wbuf.o)
                              c:/nxp/kds_v3/toolchain/bin/../lib/gcc/arm-none-eabi/4.8.4/../../../../arm-none-eabi/lib/armv7e-m/fpu\libg_s.a(lib_a-fwrite.o) (__swbuf_r)
c:/nxp/kds_v3/toolchain/bin/../lib/gcc/arm-none-eabi/4.8.4/../../../../arm-none-eabi/lib/armv7e-m/fpu\libg_s.a(lib_a-wsetup.o)
                              c:/nxp/kds_v3/toolchain/bin/../lib/gcc/arm-none-eabi/4.8.4/../../../../arm-none-eabi/lib/armv7e-m/fpu\libg_s.a(lib_a-fwrite.o) (__swsetup_r)
c:/nxp/kds_v3/toolchain/bin/../lib/gcc/arm-none-eabi/4.8.4/../../../../arm-none-eabi/lib/armv7e-m/fpu\libg_s.a(lib_a-errno.o)
                              c:/nxp/kds_v3/toolchain/bin/../lib/gcc/arm-none-eabi/4.8.4/../../../../arm-none-eabi/lib/armv7e-m/fpu\libg_s.a(lib_a-system.o) (__errno)
c:/nxp/kds_v3/toolchain/bin/../lib/gcc/arm-none-eabi/4.8.4/../../../../arm-none-eabi/lib/armv7e-m/fpu\libg_s.a(lib_a-fflush.o)
                              c:/nxp/kds_v3/toolchain/bin/../lib/gcc/arm-none-eabi/4.8.4/../../../../arm-none-eabi/lib/armv7e-m/fpu\libg_s.a(lib_a-wbuf.o) (_fflush_r)
c:/nxp/kds_v3/toolchain/bin/../lib/gcc/arm-none-eabi/4.8.4/../../../../arm-none-eabi/lib/armv7e-m/fpu\libg_s.a(lib_a-findfp.o)
                              c:/nxp/kds_v3/toolchain/bin/../lib/gcc/arm-none-eabi/4.8.4/../../../../arm-none-eabi/lib/armv7e-m/fpu\libg_s.a(lib_a-fwrite.o) (__sinit)
c:/nxp/kds_v3/toolchain/bin/../lib/gcc/arm-none-eabi/4.8.4/../../../../arm-none-eabi/lib/armv7e-m/fpu\libg_s.a(lib_a-fvwrite.o)
                              c:/nxp/kds_v3/toolchain/bin/../lib/gcc/arm-none-eabi/4.8.4/../../../../arm-none-eabi/lib/armv7e-m/fpu\libg_s.a(lib_a-vfprintf.o) (__sfvwrite_r)
c:/nxp/kds_v3/toolchain/bin/../lib/gcc/arm-none-eabi/4.8.4/../../../../arm-none-eabi/lib/armv7e-m/fpu\libg_s.a(lib_a-fwalk.o)
                              c:/nxp/kds_v3/toolchain/bin/../lib/gcc/arm-none-eabi/4.8.4/../../../../arm-none-eabi/lib/armv7e-m/fpu\libg_s.a(lib_a-findfp.o) (_fwalk)
c:/nxp/kds_v3/toolchain/bin/../lib/gcc/arm-none-eabi/4.8.4/../../../../arm-none-eabi/lib/armv7e-m/fpu\libg_s.a(lib_a-makebuf.o)
[...]
Memory Configuration

Name             Origin             Length             Attributes
m_interrupts     0x00000000         0x00000400         xr
m_flash_config   0x00000400         0x00000010         xr
m_text           0x00000410         0x000ffbf0         xr
m_data           0x20000000         0x00010000         rw
m_data_1FFF0000  0x1fff0000         0x00010000         rw
*default*        0x00000000         0xffffffff

Linker script and memory map

LOAD c:/nxp/kds_v3/toolchain/bin/../lib/gcc/arm-none-eabi/4.8.4/armv7e-m/fpu/crti.o
LOAD c:/nxp/kds_v3/toolchain/bin/../lib/gcc/arm-none-eabi/4.8.4/armv7e-m/fpu/crtbegin.o
LOAD c:/nxp/kds_v3/toolchain/bin/../lib/gcc/arm-none-eabi/4.8.4/../../../../arm-none-eabi/lib/armv7e-m/fpu/crt0.o
LOAD ./Sources/cbmbasic/cbm_runtime.o
LOAD ./Sources/cbmbasic/cbmbasic.o
LOAD ./Sources/cbmbasic/console.o
LOAD ./Sources/cbmbasic/plugin.o
LOAD ./Sources/cbmbasic/runtime_k70.o
LOAD ./Sources/cbm_port.o
LOAD ./Sources/font8x8.o
LOAD ./Sources/keyboard.o
LOAD ./Sources/lcd_console.o
LOAD ./Sources/lcdc.o
LOAD ./Sources/main.o
LOAD ./Sources/sdram.o
LOAD ./Project_Settings/Startup_Code/startup_MK70F12.o
LOAD ./Project_Settings/Startup_Code/system_MK70F12.o
LOAD c:/nxp/kds_v3/toolchain/bin/../lib/gcc/arm-none-eabi/4.8.4/../../../../arm-none-eabi/lib/armv7e-m/fpu\libstdc++_s.a
LOAD c:/nxp/kds_v3/toolchain/bin/../lib/gcc/arm-none-eabi/4.8.4/../../../../arm-none-eabi/lib/armv7e-m/fpu\libm.a
START GROUP
LOAD c:/nxp/kds_v3/toolchain/bin/../lib/gcc/arm-none-eabi/4.8.4/armv7e-m/fpu\libgcc.a
LOAD c:/nxp/kds_v3/toolchain/bin/../lib/gcc/arm-none-eabi/4.8.4/../../../../arm-none-eabi/lib/armv7e-m/fpu\libg_s.a
LOAD c:/nxp/kds_v3/toolchain/bin/../lib/gcc/arm-none-eabi/4.8.4/../../../../arm-none-eabi/lib/armv7e-m/fpu\libc_s.a
END GROUP
START GROUP
LOAD c:/nxp/kds_v3/toolchain/bin/../lib/gcc/arm-none-eabi/4.8.4/armv7e-m/fpu\libgcc.a
LOAD c:/nxp/kds_v3/toolchain/bin/../lib/gcc/arm-none-eabi/4.8.4/../../../../arm-none-eabi/lib/armv7e-m/fpu\libc_s.a
LOAD c:/nxp/kds_v3/toolchain/bin/../lib/gcc/arm-none-eabi/4.8.4/../../../../arm-none-eabi/lib/armv7e-m/fpu\libnosys.a
END GROUP
START GROUP
LOAD c:/nxp/kds_v3/toolchain/bin/../lib/gcc/arm-none-eabi/4.8.4/armv7e-m/fpu\libgcc.a
LOAD c:/nxp/kds_v3/toolchain/bin/../lib/gcc/arm-none-eabi/4.8.4/../../../../arm-none-eabi/lib/armv7e-m/fpu\libc_s.a
LOAD c:/nxp/kds_v3/toolchain/bin/../lib/gcc/arm-none-eabi/4.8.4/../../../../arm-none-eabi/lib/armv7e-m/fpu\libnosys.a
END GROUP
LOAD c:/nxp/kds_v3/toolchain/bin/../lib/gcc/arm-none-eabi/4.8.4/armv7e-m/fpu/crtend.o
LOAD c:/nxp/kds_v3/toolchain/bin/../lib/gcc/arm-none-eabi/4.8.4/armv7e-m/fpu/crtn.o
                0x00000400                HEAP_SIZE = DEFINED (__heap_size__)?__heap_size__:0x400
                0x00000400                STACK_SIZE = DEFINED (__stack_size__)?__stack_size__:0x400

.interrupts     0x00000000      0x400
                0x00000000                __VECTOR_TABLE = .
                0x00000000                . = ALIGN (0x4)
 *(.isr_vector)
 .isr_vector    0x00000000      0x400 ./Project_Settings/Startup_Code/startup_MK70F12.o
                0x00000000                __isr_vector
                0x00000400                . = ALIGN (0x4)

.flash_config   0x00000400       0x10
                0x00000400                . = ALIGN (0x4)
 *(.FlashConfig)
 .FlashConfig   0x00000400       0x10 ./Project_Settings/Startup_Code/startup_MK70F12.o
                0x00000410                . = ALIGN (0x4)

.text           0x00000410    0x4b9fc
                0x00000410                . = ALIGN (0x4)
 *(.text)
 .text          0x00000410       0x54 c:/nxp/kds_v3/toolchain/bin/../lib/gcc/arm-none-eabi/4.8.4/armv7e-m/fpu/crtbegin.o
 .text          0x00000464       0x74 c:/nxp/kds_v3/toolchain/bin/../lib/gcc/arm-none-eabi/4.8.4/../../../../arm-none-eabi/lib/armv7e-m/fpu/crt0.o
                0x00000464                _start
                0x00000464                _mainCRTStartup
 .text          0x000004d8       0x58 ./Project_Settings/Startup_Code/startup_MK70F12.o
                0x000004d8                Reset_Handler
                0x0000052c                DMA2_DMA18_IRQHandler
                0x0000052c                DebugMon_Handler
                0x0000052c                NFC_IRQHandler
                0x0000052c                I2C0_IRQHandler
                0x0000052c                HardFault_Handler
                0x0000052c                CAN1_ORed_Message_buffer_IRQHandler
                0x0000052c                DMA3_DMA19_IRQHandler
                0x0000052c                SysTick_Handler
                0x0000052c                UART3_RX_TX_IRQHandler
                0x0000052c                PendSV_Handler
                0x0000052c                NMI_Handler
                0x0000052c                UART0_RX_TX_IRQHandler
                0x0000052c                I2C1_IRQHandler
                0x0000052c                DMA14_DMA30_IRQHandler
                0x0000052c                Reserved59_IRQHandler
                0x0000052c                ENET_Error_IRQHandler
                0x0000052c                USBHS_IRQHandler
                0x0000052c                CAN0_Tx_Warning_IRQHandler
                0x0000052c                DMA4_DMA20_IRQHandler
                0x0000052c                PIT0_IRQHandler
                0x0000052c                CAN0_ORed_Message_buffer_IRQHandler
                0x0000052c                Watchdog_IRQHandler
                0x0000052c                CMP2_IRQHandler
                0x0000052c                DMA6_DMA22_IRQHandler
                0x0000052c                Reserved116_IRQHandler
                0x0000052c                TSI0_IRQHandler
                0x0000052c                DMA9_DMA25_IRQHandler
                0x0000052c                ENET_Receive_IRQHandler
                0x0000052c                ENET_1588_Timer_IRQHandler
                0x0000052c                CAN1_Error_IRQHandler
                0x0000052c                UART2_RX_TX_IRQHandler
                0x0000052c                I2S1_Tx_IRQHandler
                0x0000052c                DMA8_DMA24_IRQHandler
                0x0000052c                SWI_IRQHandler
                0x0000052c                ADC0_IRQHandler
                0x0000052c                UsageFault_Handler
                0x0000052c                I2S0_Tx_IRQHandler
                0x0000052c                CMT_IRQHandler
                0x0000052c                UART4_RX_TX_IRQHandler
                0x0000052c                SPI1_IRQHandler
                0x0000052c                DefaultISR
                0x0000052c                CMP1_IRQHandler
                0x0000052c                PORTD_IRQHandler
                0x0000052c                PORTB_IRQHandler
                0x0000052c                UART4_ERR_IRQHandler
                0x0000052c                ADC1_IRQHandler
                0x0000052c                PIT2_IRQHandler
                0x0000052c                I2S0_Rx_IRQHandler
                0x0000052c                LPTimer_IRQHandler
                0x0000052c                PORTF_IRQHandler
                0x0000052c                RTC_IRQHandler
                0x0000052c                PDB0_IRQHandler
                0x0000052c                CAN1_Bus_Off_IRQHandler
                0x0000052c                CMP3_IRQHandler
                0x0000052c                CAN0_Rx_Warning_IRQHandler
                0x0000052c                FTM1_IRQHandler
                0x0000052c                LCD_IRQHandler
                0x0000052c                I2S1_Rx_IRQHandler
                0x0000052c                UART5_RX_TX_IRQHandler
                0x0000052c                ADC3_IRQHandler
                0x0000052c                Reserved95_IRQHandler
                0x0000052c                UART3_ERR_IRQHandler
                0x0000052c                PIT3_IRQHandler
                0x0000052c                DMA5_DMA21_IRQHandler
                0x0000052c                DMA11_DMA27_IRQHandler
                0x0000052c                SDHC_IRQHandler
                0x0000052c                RTC_Seconds_IRQHandler
                0x0000052c                MCG_IRQHandler
                0x0000052c                FTFE_IRQHandler
                0x0000052c                UART2_ERR_IRQHandler
                0x0000052c                UART5_ERR_IRQHandler
                0x0000052c                Read_Collision_IRQHandler
                0x0000052c                Default_Handler
                0x0000052c                Reserved102_IRQHandler
                0x0000052c                DMA12_DMA28_IRQHandler
                0x0000052c                ENET_Transmit_IRQHandler
                0x0000052c                USBDCD_IRQHandler
                0x0000052c                DDR_IRQHandler
                0x0000052c                CAN1_Tx_Warning_IRQHandler
                0x0000052c                USB0_IRQHandler
                0x0000052c                LLW_IRQHandler
                0x0000052c                ADC2_IRQHandler
                0x0000052c                SPI2_IRQHandler
                0x0000052c                MemManage_Handler
                0x0000052c                CAN1_Rx_Warning_IRQHandler
                0x0000052c                Reserved115_IRQHandler
                0x0000052c                SVC_Handler
                0x0000052c                CAN1_Wake_Up_IRQHandler
                0x0000052c                UART0_LON_IRQHandler
                0x0000052c                RNG_IRQHandler
                0x0000052c                DAC0_IRQHandler
                0x0000052c                DMA13_DMA29_IRQHandler
                0x0000052c                CAN0_Error_IRQHandler
                0x0000052c                PIT1_IRQHandler
                0x0000052c                DMA7_DMA23_IRQHandler
                0x0000052c                UART0_ERR_IRQHandler
                0x0000052c                DMA_Error_IRQHandler
                0x0000052c                LVD_LVW_IRQHandler
                0x0000052c                SPI0_IRQHandler
                0x0000052c                FTM0_IRQHandler
                0x0000052c                PORTA_IRQHandler
                0x0000052c                DAC1_IRQHandler
                0x0000052c                MCM_IRQHandler
                0x0000052c                CAN0_Bus_Off_IRQHandler
                0x0000052c                FTM3_IRQHandler
                0x0000052c                PORTE_IRQHandler
                0x0000052c                DMA15_DMA31_IRQHandler
                0x0000052c                FTM2_IRQHandler
                0x0000052c                BusFault_Handler
                0x0000052c                CAN0_Wake_Up_IRQHandler
                0x0000052c                DMA10_DMA26_IRQHandler
                0x0000052c                UART1_ERR_IRQHandler
                0x0000052c                UART1_RX_TX_IRQHandler
                0x0000052c                DMA0_DMA16_IRQHandler
                0x0000052c                CMP0_IRQHandler
                0x0000052c                PORTC_IRQHandler
                0x0000052c                DMA1_DMA17_IRQHandler
 *(.text*)
 .text.init_os  0x00000530        0xc ./Sources/cbmbasic/cbm_runtime.o
                0x00000530                init_os
 .text.kernal_dispatch
                0x0000053c       0x18 ./Sources/cbmbasic/cbm_runtime.o
                0x0000053c                kernal_dispatch
 .text.cbmbasic_main
                0x00000554    0x4a270 ./Sources/cbmbasic/cbmbasic.o
                0x00000554                cbmbasic_main
 .text.keyboard_init
                0x0004a7c4       0x8c ./Sources/keyboard.o
                0x0004a7c4                keyboard_init
 .text.keyboard_getchar
                0x0004a850       0x2c ./Sources/keyboard.o
                0x0004a850                keyboard_getchar
 .text.lcd_console_init
                0x0004a87c        0xc ./Sources/lcd_console.o
                0x0004a87c                lcd_console_init
 .text.lcd_console_putchar
                0x0004a888       0x78 ./Sources/lcd_console.o
                0x0004a888                lcd_console_putchar
 .text.lcd_console_print
                0x0004a900       0x28 ./Sources/lcd_console.o
                0x0004a900                lcd_console_print
 .text.lcdcInit
                0x0004a928       0x54 ./Sources/lcdc.o
                0x0004a928                lcdcInit
 .text.lcdcInitPins
                0x0004a97c       0xf0 ./Sources/lcdc.o
                0x0004a97c                lcdcInitPins
 .text.lcdcInitScreen
                0x0004aa6c       0xf8 ./Sources/lcdc.o
                0x0004aa6c                lcdcInitScreen
 .text.draw_char
                0x0004ab64       0x98 ./Sources/lcdc.o
                0x0004ab64                draw_char
 .text.main     0x0004abfc       0x3c ./Sources/main.o
                0x0004abfc                main
 .text.sdramInit
                0x0004ac38      0x240 ./Sources/sdram.o
                0x0004ac38                sdramInit
 .text.SystemInit
                0x0004ae78      0x120 ./Project_Settings/Startup_Code/system_MK70F12.o
                0x0004ae78                SystemInit
 .text.exit     0x0004af98       0x28 c:/nxp/kds_v3/toolchain/bin/../lib/gcc/arm-none-eabi/4.8.4/../../../../arm-none-eabi/lib/armv7e-m/fpu\libg_s.a(lib_a-exit.o)
                0x0004af98                exit
 .text.__libc_init_array
                0x0004afc0       0x4c c:/nxp/kds_v3/toolchain/bin/../lib/gcc/arm-none-eabi/4.8.4/../../../../arm-none-eabi/lib/armv7e-m/fpu\libg_s.a(lib_a-init.o)
                0x0004afc0                __libc_init_array
 .text.memcpy   0x0004b00c       0x12 c:/nxp/kds_v3/toolchain/bin/../lib/gcc/arm-none-eabi/4.8.4/../../../../arm-none-eabi/lib/armv7e-m/fpu\libg_s.a(lib_a-memcpy-stub.o)
                0x0004b00c                memcpy
 .text.memset   0x0004b01e       0x10 c:/nxp/kds_v3/toolchain/bin/../lib/gcc/arm-none-eabi/4.8.4/../../../../arm-none-eabi/lib/armv7e-m/fpu\libg_s.a(lib_a-memset.o)
                0x0004b01e                memset
 .text._puts_r  0x0004b02e       0xc0 c:/nxp/kds_v3/toolchain/bin/../lib/gcc/arm-none-eabi/4.8.4/../../../../arm-none-eabi/lib/armv7e-m/fpu\libg_s.a(lib_a-puts.o)
                0x0004b02e                _puts_r
 *fill*         0x0004b0ee        0x2 
 .text.puts     0x0004b0f0       0x10 c:/nxp/kds_v3/toolchain/bin/../lib/gcc/arm-none-eabi/4.8.4/../../../../arm-none-eabi/lib/armv7e-m/fpu\libg_s.a(lib_a-puts.o)
                0x0004b0f0                puts
 .text.__swbuf_r
                0x0004b100       0xa8 c:/nxp/kds_v3/toolchain/bin/../lib/gcc/arm-none-eabi/4.8.4/../../../../arm-none-eabi/lib/armv7e-m/fpu\libg_s.a(lib_a-wbuf.o)
                0x0004b100                __swbuf_r
 .text.__swsetup_r
                0x0004b1a8       0xdc c:/nxp/kds_v3/toolchain/bin/../lib/gcc/arm-none-eabi/4.8.4/../../../../arm-none-eabi/lib/armv7e-m/fpu\libg_s.a(lib_a-wsetup.o)
                0x0004b1a8                __swsetup_r
 .text.__sflush_r
                0x0004b284      0x106 c:/nxp/kds_v3/toolchain/bin/../lib/gcc/arm-none-eabi/4.8.4/../../../../arm-none-eabi/lib/armv7e-m/fpu\libg_s.a(lib_a-fflush.o)
                0x0004b284                __sflush_r
 *fill*         0x0004b38a        0x2 
 .text._fflush_r
                0x0004b38c       0x54 c:/nxp/kds_v3/toolchain/bin/../lib/gcc/arm-none-eabi/4.8.4/../../../../arm-none-eabi/lib/armv7e-m/fpu\libg_s.a(lib_a-fflush.o)
                0x0004b38c                _fflush_r
 .text._cleanup_r
                0x0004b3e0       0x32 c:/nxp/kds_v3/toolchain/bin/../lib/gcc/arm-none-eabi/4.8.4/../../../../arm-none-eabi/lib/armv7e-m/fpu\libg_s.a(lib_a-findfp.o)
                0x0004b3e0                _cleanup_r
 *fill*         0x0004b412        0x2 
 .text.std.isra.0
                0x0004b414       0x48 c:/nxp/kds_v3/toolchain/bin/../lib/gcc/arm-none-eabi/4.8.4/../../../../arm-none-eabi/lib/armv7e-m/fpu\libg_s.a(lib_a-findfp.o)
 .text.__sfmoreglue
                0x0004b45c       0x2c c:/nxp/kds_v3/toolchain/bin/../lib/gcc/arm-none-eabi/4.8.4/../../../../arm-none-eabi/lib/armv7e-m/fpu\libg_s.a(lib_a-findfp.o)
                0x0004b45c                __sfmoreglue
 .text.__sinit  0x0004b488       0x60 c:/nxp/kds_v3/toolchain/bin/../lib/gcc/arm-none-eabi/4.8.4/../../../../arm-none-eabi/lib/armv7e-m/fpu\libg_s.a(lib_a-findfp.o)
                0x0004b488                __sinit
 .text.__sfp    0x0004b4e8       0x74 c:/nxp/kds_v3/toolchain/bin/../lib/gcc/arm-none-eabi/4.8.4/../../../../arm-none-eabi/lib/armv7e-m/fpu\libg_s.a(lib_a-findfp.o)
                0x0004b4e8                __sfp
 .text.__smakebuf_r
                0x0004b55c       0x9c c:/nxp/kds_v3/toolchain/bin/../lib/gcc/arm-none-eabi/4.8.4/../../../../arm-none-eabi/lib/armv7e-m/fpu\libg_s.a(lib_a-makebuf.o)
                0x0004b55c                __smakebuf_r
 .text._free_r  0x0004b5f8       0x88 c:/nxp/kds_v3/toolchain/bin/../lib/gcc/arm-none-eabi/4.8.4/../../../../arm-none-eabi/lib/armv7e-m/fpu\libg_s.a(lib_a-nano-freer.o)
                0x0004b5f8                _free_r
 .text._malloc_r
                0x0004b680       0xa8 c:/nxp/kds_v3/toolchain/bin/../lib/gcc/arm-none-eabi/4.8.4/../../../../arm-none-eabi/lib/armv7e-m/fpu\libg_s.a(lib_a-nano-mallocr.o)
                0x0004b680                _malloc_r
 .text._sbrk_r  0x0004b728       0x20 c:/nxp/kds_v3/toolchain/bin/../lib/gcc/arm-none-eabi/4.8.4/../../../../arm-none-eabi/lib/armv7e-m/fpu\libg_s.a(lib_a-sbrkr.o)
                0x0004b728                _sbrk_r
 .text.__sread  0x0004b748       0x22 c:/nxp/kds_v3/toolchain/bin/../lib/gcc/arm-none-eabi/4.8.4/../../../../arm-none-eabi/lib/armv7e-m/fpu\libg_s.a(lib_a-stdio.o)
                0x0004b748                __sread
 .text.__swrite
                0x0004b76a       0x38 c:/nxp/kds_v3/toolchain/bin/../lib/gcc/arm-none-eabi/4.8.4/../../../../arm-none-eabi/lib/armv7e-m/fpu\libg_s.a(lib_a-stdio.o)
                0x0004b76a                __swrite
 .text.__sseek  0x0004b7a2       0x24 c:/nxp/kds_v3/toolchain/bin/../lib/gcc/arm-none-eabi/4.8.4/../../../../arm-none-eabi/lib/armv7e-m/fpu\libg_s.a(lib_a-stdio.o)
                0x0004b7a2                __sseek
 .text.__sclose
                0x0004b7c6        0x8 c:/nxp/kds_v3/toolchain/bin/../lib/gcc/arm-none-eabi/4.8.4/../../../../arm-none-eabi/lib/armv7e-m/fpu\libg_s.a(lib_a-stdio.o)
                0x0004b7c6                __sclose
 *fill*         0x0004b7ce        0x2 
 .text._write_r
                0x0004b7d0       0x24 c:/nxp/kds_v3/toolchain/bin/../lib/gcc/arm-none-eabi/4.8.4/../../../../arm-none-eabi/lib/armv7e-m/fpu\libg_s.a(lib_a-writer.o)
                0x0004b7d0                _write_r
 .text._close_r
                0x0004b7f4       0x20 c:/nxp/kds_v3/toolchain/bin/../lib/gcc/arm-none-eabi/4.8.4/../../../../arm-none-eabi/lib/armv7e-m/fpu\libg_s.a(lib_a-closer.o)
                0x0004b7f4                _close_r
 .text._fstat_r
                0x0004b814       0x24 c:/nxp/kds_v3/toolchain/bin/../lib/gcc/arm-none-eabi/4.8.4/../../../../arm-none-eabi/lib/armv7e-m/fpu\libg_s.a(lib_a-fstatr.o)
                0x0004b814                _fstat_r
 .text._isatty_r
                0x0004b838       0x20 c:/nxp/kds_v3/toolchain/bin/../lib/gcc/arm-none-eabi/4.8.4/../../../../arm-none-eabi/lib/armv7e-m/fpu\libg_s.a(lib_a-isattyr.o)
                0x0004b838                _isatty_r
 .text._lseek_r
                0x0004b858       0x24 c:/nxp/kds_v3/toolchain/bin/../lib/gcc/arm-none-eabi/4.8.4/../../../../arm-none-eabi/lib/armv7e-m/fpu\libg_s.a(lib_a-lseekr.o)
                0x0004b858                _lseek_r
 .text._read_r  0x0004b87c       0x24 c:/nxp/kds_v3/toolchain/bin/../lib/gcc/arm-none-eabi/4.8.4/../../../../arm-none-eabi/lib/armv7e-m/fpu\libg_s.a(lib_a-readr.o)
                0x0004b87c                _read_r
 .text._close   0x0004b8a0       0x10 c:/nxp/kds_v3/toolchain/bin/../lib/gcc/arm-none-eabi/4.8.4/../../../../arm-none-eabi/lib/armv7e-m/fpu\libnosys.a(close.o)
                0x0004b8a0                _close
 .text._fstat   0x0004b8b0       0x10 c:/nxp/kds_v3/toolchain/bin/../lib/gcc/arm-none-eabi/4.8.4/../../../../arm-none-eabi/lib/armv7e-m/fpu\libnosys.a(fstat.o)
                0x0004b8b0                _fstat
 .text._isatty  0x0004b8c0       0x10 c:/nxp/kds_v3/toolchain/bin/../lib/gcc/arm-none-eabi/4.8.4/../../../../arm-none-eabi/lib/armv7e-m/fpu\libnosys.a(isatty.o)
                0x0004b8c0                _isatty
 .text._lseek   0x0004b8d0       0x10 c:/nxp/kds_v3/toolchain/bin/../lib/gcc/arm-none-eabi/4.8.4/../../../../arm-none-eabi/lib/armv7e-m/fpu\libnosys.a(lseek.o)
                0x0004b8d0                _lseek
 .text._read    0x0004b8e0       0x10 c:/nxp/kds_v3/toolchain/bin/../lib/gcc/arm-none-eabi/4.8.4/../../../../arm-none-eabi/lib/armv7e-m/fpu\libnosys.a(read.o)
                0x0004b8e0                _read
 .text._sbrk    0x0004b8f0       0x34 c:/nxp/kds_v3/toolchain/bin/../lib/gcc/arm-none-eabi/4.8.4/../../../../arm-none-eabi/lib/armv7e-m/fpu\libnosys.a(sbrk.o)
                0x0004b8f0                _sbrk
 .text._write   0x0004b924       0x10 c:/nxp/kds_v3/toolchain/bin/../lib/gcc/arm-none-eabi/4.8.4/../../../../arm-none-eabi/lib/armv7e-m/fpu\libnosys.a(write.o)
                0x0004b924                _write
 .text._exit    0x0004b934        0x4 c:/nxp/kds_v3/toolchain/bin/../lib/gcc/arm-none-eabi/4.8.4/../../../../arm-none-eabi/lib/armv7e-m/fpu\libnosys.a(_exit.o)
                0x0004b934                _exit
 *(.rodata)
 .rodata        0x0004b938       0x10 ./Sources/cbmbasic/cbmbasic.o
 .rodata        0x0004b948       0x44 ./Sources/main.o
 *(.rodata*)
 .rodata.font8x8
                0x0004b98c      0x400 ./Sources/font8x8.o
                0x0004b98c                font8x8
 .rodata.str1.1
                0x0004bd8c        0x2 c:/nxp/kds_v3/toolchain/bin/../lib/gcc/arm-none-eabi/4.8.4/../../../../arm-none-eabi/lib/armv7e-m/fpu\libg_s.a(lib_a-impure.o)
 *fill*         0x0004bd8e        0x2 
 .rodata._global_impure_ptr
                0x0004bd90        0x4 c:/nxp/kds_v3/toolchain/bin/../lib/gcc/arm-none-eabi/4.8.4/../../../../arm-none-eabi/lib/armv7e-m/fpu\libg_s.a(lib_a-impure.o)
                0x0004bd90                _global_impure_ptr
 .rodata.__sf_fake_stdin
                0x0004bd94       0x20 c:/nxp/kds_v3/toolchain/bin/../lib/gcc/arm-none-eabi/4.8.4/../../../../arm-none-eabi/lib/armv7e-m/fpu\libg_s.a(lib_a-findfp.o)
                0x0004bd94                __sf_fake_stdin
 .rodata.__sf_fake_stdout
                0x0004bdb4       0x20 c:/nxp/kds_v3/toolchain/bin/../lib/gcc/arm-none-eabi/4.8.4/../../../../arm-none-eabi/lib/armv7e-m/fpu\libg_s.a(lib_a-findfp.o)
                0x0004bdb4                __sf_fake_stdout
 .rodata.__sf_fake_stderr
                0x0004bdd4       0x20 c:/nxp/kds_v3/toolchain/bin/../lib/gcc/arm-none-eabi/4.8.4/../../../../arm-none-eabi/lib/armv7e-m/fpu\libg_s.a(lib_a-findfp.o)
                0x0004bdd4                __sf_fake_stderr
 *(.glue_7)
 .glue_7        0x00000000        0x0 linker stubs
 *(.glue_7t)
 .glue_7t       0x00000000        0x0 linker stubs
 *(.eh_frame)
 .eh_frame      0x0004bdf4        0x0 c:/nxp/kds_v3/toolchain/bin/../lib/gcc/arm-none-eabi/4.8.4/armv7e-m/fpu/crtbegin.o
 *(.init)
 .init          0x0004bdf4        0x4 c:/nxp/kds_v3/toolchain/bin/../lib/gcc/arm-none-eabi/4.8.4/armv7e-m/fpu/crti.o
                0x0004bdf4                _init
 .init          0x0004bdf8        0x8 c:/nxp/kds_v3/toolchain/bin/../lib/gcc/arm-none-eabi/4.8.4/armv7e-m/fpu/crtn.o
 *(.fini)
 .fini          0x0004be00        0x4 c:/nxp/kds_v3/toolchain/bin/../lib/gcc/arm-none-eabi/4.8.4/armv7e-m/fpu/crti.o
                0x0004be00                _fini
 .fini          0x0004be04        0x8 c:/nxp/kds_v3/toolchain/bin/../lib/gcc/arm-none-eabi/4.8.4/armv7e-m/fpu/crtn.o
                0x0004be0c                . = ALIGN (0x4)

.vfp11_veneer   0x0004be0c        0x0
 .vfp11_veneer  0x00000000        0x0 linker stubs

.v4_bx          0x0004be0c        0x0
 .v4_bx         0x00000000        0x0 linker stubs

.iplt           0x0004be0c        0x0
 .iplt          0x00000000        0x0 c:/nxp/kds_v3/toolchain/bin/../lib/gcc/arm-none-eabi/4.8.4/armv7e-m/fpu/crtbegin.o

.ARM.extab
 *(.ARM.extab* .gnu.linkonce.armextab.*)

.ARM            0x0004be0c        0x8
                0x0004be0c                __exidx_start = .
 *(.ARM.exidx*)
 .ARM.exidx     0x0004be0c        0x8 c:/nxp/kds_v3/toolchain/bin/../lib/gcc/arm-none-eabi/4.8.4/../../../../arm-none-eabi/lib/armv7e-m/fpu/crt0.o
                0x0004be14                __exidx_end = .

.rel.dyn        0x0004be14        0x0
 .rel.iplt      0x00000000        0x0 c:/nxp/kds_v3/toolchain/bin/../lib/gcc/arm-none-eabi/4.8.4/armv7e-m/fpu/crtbegin.o

.ctors          0x0004be14        0x0
                0x0004be14                __CTOR_LIST__ = .
 *crtbegin.o(.ctors)
 *crtbegin?.o(.ctors)
 *(EXCLUDE_FILE(*crtend.o *crtend?.o) .ctors)
 *(SORT(.ctors.*))
 *(.ctors)
                0x0004be14                __CTOR_END__ = .

.dtors          0x0004be14        0x0
                0x0004be14                __DTOR_LIST__ = .
 *crtbegin.o(.dtors)
 *crtbegin?.o(.dtors)
 *(EXCLUDE_FILE(*crtend.o *crtend?.o) .dtors)
 *(SORT(.dtors.*))
 *(.dtors)
                0x0004be14                __DTOR_END__ = .

.preinit_array  0x0004be14        0x0
                0x0004be14                PROVIDE (__preinit_array_start, .)
 *(.preinit_array*)
                0x0004be14                PROVIDE (__preinit_array_end, .)

.init_array     0x0004be14        0x4
                0x0004be14                PROVIDE (__init_array_start, .)
 *(SORT(.init_array.*))
 *(.init_array*)
 .init_array    0x0004be14        0x4 c:/nxp/kds_v3/toolchain/bin/../lib/gcc/arm-none-eabi/4.8.4/armv7e-m/fpu/crtbegin.o
                0x0004be18                PROVIDE (__init_array_end, .)

.fini_array     0x0004be18        0x4
                0x0004be18                PROVIDE (__fini_array_start, .)
 *(SORT(.fini_array.*))
 *(.fini_array*)
 .fini_array    0x0004be18        0x4 c:/nxp/kds_v3/toolchain/bin/../lib/gcc/arm-none-eabi/4.8.4/armv7e-m/fpu/crtbegin.o
                0x0004be1c                PROVIDE (__fini_array_end, .)
                0x0004be1c                __etext = .
                0x0004be1c                __DATA_ROM = .

.data           0x20000000     0x89e0 load address 0x0004be1c
                0x20000000                . = ALIGN (0x4)
                0x20000000                __DATA_RAM = .
                0x20000000                __data_start__ = .
 *(.data)
 *(.data*)
 .data._ZZ4mainE11case_labels
                0x20000000     0x8970 ./Sources/cbmbasic/cbmbasic.o
 .data.S        0x20008970        0x1 ./Sources/cbmbasic/cbmbasic.o
                0x20008970                S
 *fill*         0x20008971        0x3 
 .data.framebuffer
                0x20008974        0x4 ./Sources/lcdc.o
                0x20008974                framebuffer
 .data.impure_data
                0x20008978       0x60 c:/nxp/kds_v3/toolchain/bin/../lib/gcc/arm-none-eabi/4.8.4/../../../../arm-none-eabi/lib/armv7e-m/fpu\libg_s.a(lib_a-impure.o)
 .data._impure_ptr
                0x200089d8        0x4 c:/nxp/kds_v3/toolchain/bin/../lib/gcc/arm-none-eabi/4.8.4/../../../../arm-none-eabi/lib/armv7e-m/fpu\libg_s.a(lib_a-impure.o)
                0x200089d8                _impure_ptr
 *(.jcr*)
 .jcr           0x200089dc        0x0 c:/nxp/kds_v3/toolchain/bin/../lib/gcc/arm-none-eabi/4.8.4/armv7e-m/fpu/crtbegin.o
 .jcr           0x200089dc        0x4 c:/nxp/kds_v3/toolchain/bin/../lib/gcc/arm-none-eabi/4.8.4/armv7e-m/fpu/crtend.o
                0x200089e0                . = ALIGN (0x4)
                0x200089e0                __data_end__ = .
                0x000547fc                __DATA_END = (__DATA_ROM + (__data_end__ - __data_start__))
                0x000547fc                __m_data_1FFF0000_ROMStart = (__DATA_ROM + SIZEOF (.data))

.igot.plt       0x200089e0        0x0 load address 0x000547fc
 .igot.plt      0x00000000        0x0 c:/nxp/kds_v3/toolchain/bin/../lib/gcc/arm-none-eabi/4.8.4/armv7e-m/fpu/crtbegin.o

.m_data_1FFF0000
                0x1fff0000        0x0 load address 0x000547fc
                0x1fff0000                . = ALIGN (0x4)
                0x1fff0000                __m_data_1FFF0000_RAMStart = .
 *(.m_data_1FFF0000)
                0x1fff0000                __m_data_1FFF0000_RAMEnd = .
                0x1fff0000                . = ALIGN (0x4)
                0x00000000                __m_data_1FFF0000_ROMSize = (__m_data_1FFF0000_RAMEnd - __m_data_1FFF0000_RAMStart)

.bss            0x200089e0       0x44 load address 0x000547fc
                0x200089e0                . = ALIGN (0x4)
                0x200089e0                __START_BSS = .
                0x200089e0                __bss_start__ = .
 *(.bss)
 .bss           0x200089e0       0x1c c:/nxp/kds_v3/toolchain/bin/../lib/gcc/arm-none-eabi/4.8.4/armv7e-m/fpu/crtbegin.o
 *(.bss*)
 .bss.cursor_x  0x200089fc        0x4 ./Sources/lcd_console.o
 .bss.cursor_y  0x20008a00        0x4 ./Sources/lcd_console.o
 .bss.__malloc_sbrk_start
                0x20008a04        0x4 c:/nxp/kds_v3/toolchain/bin/../lib/gcc/arm-none-eabi/4.8.4/../../../../arm-none-eabi/lib/armv7e-m/fpu\libg_s.a(lib_a-nano-mallocr.o)
                0x20008a04                __malloc_sbrk_start
 .bss.__malloc_free_list
                0x20008a08        0x4 c:/nxp/kds_v3/toolchain/bin/../lib/gcc/arm-none-eabi/4.8.4/../../../../arm-none-eabi/lib/armv7e-m/fpu\libg_s.a(lib_a-nano-mallocr.o)
                0x20008a08                __malloc_free_list
 .bss.heap_end.4246
                0x20008a0c        0x4 c:/nxp/kds_v3/toolchain/bin/../lib/gcc/arm-none-eabi/4.8.4/../../../../arm-none-eabi/lib/armv7e-m/fpu\libnosys.a(sbrk.o)
 *(COMMON)
 COMMON         0x20008a10        0xd ./Sources/cbmbasic/cbmbasic.o
                0x20008a10                D
                0x20008a11                N
                0x20008a12                A
                0x20008a13                Y
                0x20008a14                B
                0x20008a15                C
                0x20008a16                V
                0x20008a18                PC
                0x20008a1a                Z
                0x20008a1b                I
                0x20008a1c                X
 *fill*         0x20008a1d        0x3 
 COMMON         0x20008a20        0x4 c:/nxp/kds_v3/toolchain/bin/../lib/gcc/arm-none-eabi/4.8.4/../../../../arm-none-eabi/lib/armv7e-m/fpu\libg_s.a(lib_a-reent.o)
                0x20008a20                errno
                0x20008a24                . = ALIGN (0x4)
                0x20008a24                __bss_end__ = .
                0x20008a24                __END_BSS = .

.heap           0x20008a24      0x404 load address 0x00054840
                0x20008a28                . = ALIGN (0x8)
 *fill*         0x20008a24        0x4 
                0x20008a28                __end__ = .
                0x20008a28                PROVIDE (end, .)
                0x20008a28                __HeapBase = .
                0x20008e28                . = (. + HEAP_SIZE)
 *fill*         0x20008a28      0x400 
                0x20008e28                __HeapLimit = .

.stack          0x20008e28      0x400 load address 0x00054c44
                0x20008e28                . = ALIGN (0x8)
                0x20009228                . = (. + STACK_SIZE)
 *fill*         0x20008e28      0x400 
                0x20009228                __StackTop = .
                0x20008e28                __StackLimit = (__StackTop - STACK_SIZE)
                0x20009228                PROVIDE (__stack, __StackTop)

.ARM.attributes
                0x00000000       0x30
 *(.ARM.attributes)
 .ARM.attributes
                0x00000000       0x22 c:/nxp/kds_v3/toolchain/bin/../lib/gcc/arm-none-eabi/4.8.4/armv7e-m/fpu/crti.o
 .ARM.attributes
                0x00000022       0x34 c:/nxp/kds_v3/toolchain/bin/../lib/gcc/arm-none-eabi/4.8.4/armv7e-m/fpu/crtbegin.o
 .ARM.attributes
                0x00000056       0x20 c:/nxp/kds_v3/toolchain/bin/../lib/gcc/arm-none-eabi/4.8.4/../../../../arm-none-eabi/lib/armv7e-m/fpu/crt0.o
 .ARM.attributes
                0x00000076       0x39 ./Sources/cbmbasic/cbm_runtime.o
 .ARM.attributes
                0x000000af       0x39 ./Sources/cbmbasic/cbmbasic.o
 .ARM.attributes
                0x000000e8       0x39 ./Sources/font8x8.o
 .ARM.attributes
                0x00000121       0x39 ./Sources/keyboard.o
 .ARM.attributes
                0x0000015a       0x39 ./Sources/lcd_console.o
 .ARM.attributes
                0x00000193       0x39 ./Sources/lcdc.o
 .ARM.attributes
                0x000001cc       0x39 ./Sources/main.o
 .ARM.attributes
                0x00000205       0x39 ./Sources/sdram.o
 .ARM.attributes
                0x0000023e       0x1f ./Project_Settings/Startup_Code/startup_MK70F12.o
 .ARM.attributes
                0x0000025d       0x39 ./Project_Settings/Startup_Code/system_MK70F12.o
 .ARM.attributes
                0x00000296       0x34 c:/nxp/kds_v3/toolchain/bin/../lib/gcc/arm-none-eabi/4.8.4/../../../../arm-none-eabi/lib/armv7e-m/fpu\libg_s.a(lib_a-exit.o)
 .ARM.attributes
                0x000002ca       0x34 c:/nxp/kds_v3/toolchain/bin/../lib/gcc/arm-none-eabi/4.8.4/../../../../arm-none-eabi/lib/armv7e-m/fpu\libg_s.a(lib_a-impure.o)
 .ARM.attributes
                0x000002fe       0x34 c:/nxp/kds_v3/toolchain/bin/../lib/gcc/arm-none-eabi/4.8.4/../../../../arm-none-eabi/lib/armv7e-m/fpu\libg_s.a(lib_a-init.o)
 .ARM.attributes
                0x00000332       0x34 c:/nxp/kds_v3/toolchain/bin/../lib/gcc/arm-none-eabi/4.8.4/../../../../arm-none-eabi/lib/armv7e-m/fpu\libg_s.a(lib_a-memcpy-stub.o)
 .ARM.attributes
                0x00000366       0x34 c:/nxp/kds_v3/toolchain/bin/../lib/gcc/arm-none-eabi/4.8.4/../../../../arm-none-eabi/lib/armv7e-m/fpu\libg_s.a(lib_a-memset.o)
 .ARM.attributes
                0x0000039a       0x34 c:/nxp/kds_v3/toolchain/bin/../lib/gcc/arm-none-eabi/4.8.4/../../../../arm-none-eabi/lib/armv7e-m/fpu\libg_s.a(lib_a-puts.o)
 .ARM.attributes
                0x000003ce       0x34 c:/nxp/kds_v3/toolchain/bin/../lib/gcc/arm-none-eabi/4.8.4/../../../../arm-none-eabi/lib/armv7e-m/fpu\libg_s.a(lib_a-wbuf.o)
 .ARM.attributes
                0x00000402       0x34 c:/nxp/kds_v3/toolchain/bin/../lib/gcc/arm-none-eabi/4.8.4/../../../../arm-none-eabi/lib/armv7e-m/fpu\libg_s.a(lib_a-wsetup.o)
 .ARM.attributes
                0x00000436       0x34 c:/nxp/kds_v3/toolchain/bin/../lib/gcc/arm-none-eabi/4.8.4/../../../../arm-none-eabi/lib/armv7e-m/fpu\libg_s.a(lib_a-fflush.o)
 .ARM.attributes
                0x0000046a       0x34 c:/nxp/kds_v3/toolchain/bin/../lib/gcc/arm-none-eabi/4.8.4/../../../../arm-none-eabi/lib/armv7e-m/fpu\libg_s.a(lib_a-findfp.o)
 .ARM.attributes
                0x0000049e       0x34 c:/nxp/kds_v3/toolchain/bin/../lib/gcc/arm-none-eabi/4.8.4/../../../../arm-none-eabi/lib/armv7e-m/fpu\libg_s.a(lib_a-makebuf.o)
 .ARM.attributes
                0x000004d2       0x34 c:/nxp/kds_v3/toolchain/bin/../lib/gcc/arm-none-eabi/4.8.4/../../../../arm-none-eabi/lib/armv7e-m/fpu\libg_s.a(lib_a-nano-freer.o)
 .ARM.attributes
                0x00000506       0x34 c:/nxp/kds_v3/toolchain/bin/../lib/gcc/arm-none-eabi/4.8.4/../../../../arm-none-eabi/lib/armv7e-m/fpu\libg_s.a(lib_a-nano-mallocr.o)
 .ARM.attributes
                0x0000053a       0x34 c:/nxp/kds_v3/toolchain/bin/../lib/gcc/arm-none-eabi/4.8.4/../../../../arm-none-eabi/lib/armv7e-m/fpu\libg_s.a(lib_a-sbrkr.o)
 .ARM.attributes
                0x0000056e       0x34 c:/nxp/kds_v3/toolchain/bin/../lib/gcc/arm-none-eabi/4.8.4/../../../../arm-none-eabi/lib/armv7e-m/fpu\libg_s.a(lib_a-stdio.o)
 .ARM.attributes
                0x000005a2       0x34 c:/nxp/kds_v3/toolchain/bin/../lib/gcc/arm-none-eabi/4.8.4/../../../../arm-none-eabi/lib/armv7e-m/fpu\libg_s.a(lib_a-writer.o)
 .ARM.attributes
                0x000005d6       0x34 c:/nxp/kds_v3/toolchain/bin/../lib/gcc/arm-none-eabi/4.8.4/../../../../arm-none-eabi/lib/armv7e-m/fpu\libg_s.a(lib_a-closer.o)
 .ARM.attributes
                0x0000060a       0x34 c:/nxp/kds_v3/toolchain/bin/../lib/gcc/arm-none-eabi/4.8.4/../../../../arm-none-eabi/lib/armv7e-m/fpu\libg_s.a(lib_a-fstatr.o)
 .ARM.attributes
                0x0000063e       0x34 c:/nxp/kds_v3/toolchain/bin/../lib/gcc/arm-none-eabi/4.8.4/../../../../arm-none-eabi/lib/armv7e-m/fpu\libg_s.a(lib_a-isattyr.o)
 .ARM.attributes
                0x00000672       0x34 c:/nxp/kds_v3/toolchain/bin/../lib/gcc/arm-none-eabi/4.8.4/../../../../arm-none-eabi/lib/armv7e-m/fpu\libg_s.a(lib_a-lseekr.o)
 .ARM.attributes
                0x000006a6       0x34 c:/nxp/kds_v3/toolchain/bin/../lib/gcc/arm-none-eabi/4.8.4/../../../../arm-none-eabi/lib/armv7e-m/fpu\libg_s.a(lib_a-readr.o)
 .ARM.attributes
                0x000006da       0x34 c:/nxp/kds_v3/toolchain/bin/../lib/gcc/arm-none-eabi/4.8.4/../../../../arm-none-eabi/lib/armv7e-m/fpu\libg_s.a(lib_a-reent.o)
 .ARM.attributes
                0x0000070e       0x34 c:/nxp/kds_v3/toolchain/bin/../lib/gcc/arm-none-eabi/4.8.4/../../../../arm-none-eabi/lib/armv7e-m/fpu\libnosys.a(close.o)
 .ARM.attributes
                0x00000742       0x34 c:/nxp/kds_v3/toolchain/bin/../lib/gcc/arm-none-eabi/4.8.4/../../../../arm-none-eabi/lib/armv7e-m/fpu\libnosys.a(fstat.o)
 .ARM.attributes
                0x00000776       0x34 c:/nxp/kds_v3/toolchain/bin/../lib/gcc/arm-none-eabi/4.8.4/../../../../arm-none-eabi/lib/armv7e-m/fpu\libnosys.a(isatty.o)
 .ARM.attributes
                0x000007aa       0x34 c:/nxp/kds_v3/toolchain/bin/../lib/gcc/arm-none-eabi/4.8.4/../../../../arm-none-eabi/lib/armv7e-m/fpu\libnosys.a(lseek.o)
 .ARM.attributes
                0x000007de       0x34 c:/nxp/kds_v3/toolchain/bin/../lib/gcc/arm-none-eabi/4.8.4/../../../../arm-none-eabi/lib/armv7e-m/fpu\libnosys.a(read.o)
 .ARM.attributes
                0x00000812       0x34 c:/nxp/kds_v3/toolchain/bin/../lib/gcc/arm-none-eabi/4.8.4/../../../../arm-none-eabi/lib/armv7e-m/fpu\libnosys.a(sbrk.o)
 .ARM.attributes
                0x00000846       0x34 c:/nxp/kds_v3/toolchain/bin/../lib/gcc/arm-none-eabi/4.8.4/../../../../arm-none-eabi/lib/armv7e-m/fpu\libnosys.a(write.o)
 .ARM.attributes
                0x0000087a       0x34 c:/nxp/kds_v3/toolchain/bin/../lib/gcc/arm-none-eabi/4.8.4/../../../../arm-none-eabi/lib/armv7e-m/fpu\libnosys.a(_exit.o)
 .ARM.attributes
                0x000008ae       0x34 c:/nxp/kds_v3/toolchain/bin/../lib/gcc/arm-none-eabi/4.8.4/armv7e-m/fpu/crtend.o
 .ARM.attributes
                0x000008e2       0x22 c:/nxp/kds_v3/toolchain/bin/../lib/gcc/arm-none-eabi/4.8.4/armv7e-m/fpu/crtn.o
OUTPUT(C64_K70.elf elf32-littlearm)

.debug_info     0x00000000    0x1a9fa
 .debug_info    0x00000000       0x6a ./Sources/cbmbasic/cbm_runtime.o
 .debug_info    0x0000006a    0x18a2f ./Sources/cbmbasic/cbmbasic.o
 .debug_info    0x00018a99       0xb1 ./Sources/font8x8.o
 .debug_info    0x00018b4a      0x69f ./Sources/keyboard.o
 .debug_info    0x000191e9      0x152 ./Sources/lcd_console.o
 .debug_info    0x0001933b      0x74b ./Sources/lcdc.o
 .debug_info    0x00019a86       0xfa ./Sources/main.o
 .debug_info    0x00019b80      0x74d ./Sources/sdram.o
 .debug_info    0x0001a2cd       0x93 ./Project_Settings/Startup_Code/startup_MK70F12.o
 .debug_info    0x0001a360      0x69a ./Project_Settings/Startup_Code/system_MK70F12.o

.debug_abbrev   0x00000000      0x7eb
 .debug_abbrev  0x00000000       0x65 ./Sources/cbmbasic/cbm_runtime.o
 .debug_abbrev  0x00000065       0xbc ./Sources/cbmbasic/cbmbasic.o
 .debug_abbrev  0x00000121       0x60 ./Sources/font8x8.o
 .debug_abbrev  0x00000181      0x13d ./Sources/keyboard.o
 .debug_abbrev  0x000002be       0xcc ./Sources/lcd_console.o
 .debug_abbrev  0x0000038a      0x18f ./Sources/lcdc.o
 .debug_abbrev  0x00000519       0xa6 ./Sources/main.o
 .debug_abbrev  0x000005bf       0xef ./Sources/sdram.o
 .debug_abbrev  0x000006ae       0x14 ./Project_Settings/Startup_Code/startup_MK70F12.o
 .debug_abbrev  0x000006c2      0x129 ./Project_Settings/Startup_Code/system_MK70F12.o

.debug_aranges  0x00000000      0x188
 .debug_aranges
                0x00000000       0x28 ./Sources/cbmbasic/cbm_runtime.o
 .debug_aranges
                0x00000028       0x20 ./Sources/cbmbasic/cbmbasic.o
 .debug_aranges
                0x00000048       0x18 ./Sources/font8x8.o
 .debug_aranges
                0x00000060       0x30 ./Sources/keyboard.o
 .debug_aranges
                0x00000090       0x38 ./Sources/lcd_console.o
 .debug_aranges
                0x000000c8       0x38 ./Sources/lcdc.o
 .debug_aranges
                0x00000100       0x20 ./Sources/main.o
 .debug_aranges
                0x00000120       0x20 ./Sources/sdram.o
 .debug_aranges
                0x00000140       0x20 ./Project_Settings/Startup_Code/startup_MK70F12.o
 .debug_aranges
                0x00000160       0x28 ./Project_Settings/Startup_Code/system_MK70F12.o

.debug_ranges   0x00000000       0xd0
 .debug_ranges  0x00000000       0x18 ./Sources/cbmbasic/cbm_runtime.o
 .debug_ranges  0x00000018       0x10 ./Sources/cbmbasic/cbmbasic.o
 .debug_ranges  0x00000028       0x20 ./Sources/keyboard.o
 .debug_ranges  0x00000048       0x28 ./Sources/lcd_console.o
 .debug_ranges  0x00000070       0x28 ./Sources/lcdc.o
 .debug_ranges  0x00000098       0x10 ./Sources/main.o
 .debug_ranges  0x000000a8       0x10 ./Sources/sdram.o
 .debug_ranges  0x000000b8       0x18 ./Project_Settings/Startup_Code/system_MK70F12.o

.debug_macro    0x00000000    0x170f6
 .debug_macro   0x00000000       0x11 ./Sources/cbmbasic/cbm_runtime.o
 .debug_macro   0x00000011      0x850 ./Sources/cbmbasic/cbm_runtime.o
 .debug_macro   0x00000861      0x1bc ./Sources/cbmbasic/cbmbasic.o
 .debug_macro   0x00000a1d       0x58 ./Sources/cbmbasic/cbmbasic.o
 .debug_macro   0x00000a75       0x58 ./Sources/cbmbasic/cbmbasic.o
 .debug_macro   0x00000acd       0x16 ./Sources/cbmbasic/cbmbasic.o
 .debug_macro   0x00000ae3       0x35 ./Sources/cbmbasic/cbmbasic.o
 .debug_macro   0x00000b18       0xa3 ./Sources/cbmbasic/cbmbasic.o
 .debug_macro   0x00000bbb      0x166 ./Sources/cbmbasic/cbmbasic.o
 .debug_macro   0x00000d21       0x4a ./Sources/cbmbasic/cbmbasic.o
 .debug_macro   0x00000d6b       0x52 ./Sources/cbmbasic/cbmbasic.o
 .debug_macro   0x00000dbd       0x16 ./Sources/cbmbasic/cbmbasic.o
 .debug_macro   0x00000dd3       0x43 ./Sources/cbmbasic/cbmbasic.o
 .debug_macro   0x00000e16      0x180 ./Sources/cbmbasic/cbmbasic.o
 .debug_macro   0x00000f96      0x2a6 ./Sources/cbmbasic/cbmbasic.o
 .debug_macro   0x0000123c       0x10 ./Sources/cbmbasic/cbmbasic.o
 .debug_macro   0x0000124c       0x35 ./Sources/cbmbasic/cbmbasic.o
 .debug_macro   0x00001281       0x1c ./Sources/cbmbasic/cbmbasic.o
 .debug_macro   0x0000129d       0x10 ./Sources/cbmbasic/cbmbasic.o
 .debug_macro   0x000012ad       0x22 ./Sources/cbmbasic/cbmbasic.o
 .debug_macro   0x000012cf       0xbd ./Sources/cbmbasic/cbmbasic.o
 .debug_macro   0x0000138c       0x16 ./Sources/cbmbasic/cbmbasic.o
 .debug_macro   0x000013a2      0x14a ./Sources/cbmbasic/cbmbasic.o
 .debug_macro   0x000014ec       0x16 ./Sources/cbmbasic/cbmbasic.o
 .debug_macro   0x00001502       0x22 ./Sources/cbmbasic/cbmbasic.o
 .debug_macro   0x00001524       0x4c ./Sources/font8x8.o
 .debug_macro   0x00001570       0x9f ./Sources/keyboard.o
 .debug_macro   0x0000160f       0x6a ./Sources/keyboard.o
 .debug_macro   0x00001679       0x3b ./Sources/keyboard.o
 .debug_macro   0x000016b4       0x34 ./Sources/keyboard.o
 .debug_macro   0x000016e8       0x26 ./Sources/keyboard.o
 .debug_macro   0x0000170e      0xd1d ./Sources/keyboard.o
 .debug_macro   0x0000242b    0x144f9 ./Sources/keyboard.o
 .debug_macro   0x00016924       0x58 ./Sources/lcd_console.o
 .debug_macro   0x0001697c      0x158 ./Sources/lcdc.o
 .debug_macro   0x00016ad4       0x1c ./Sources/lcdc.o
 .debug_macro   0x00016af0      0x20f ./Sources/lcdc.o
 .debug_macro   0x00016cff       0x52 ./Sources/lcdc.o
 .debug_macro   0x00016d51      0x112 ./Sources/lcdc.o
 .debug_macro   0x00016e63       0x94 ./Sources/lcdc.o
 .debug_macro   0x00016ef7       0xb0 ./Sources/main.o
 .debug_macro   0x00016fa7       0x96 ./Sources/sdram.o
 .debug_macro   0x0001703d       0xb9 ./Project_Settings/Startup_Code/system_MK70F12.o

.debug_line     0x00000000     0x7b36
 .debug_line    0x00000000       0x61 ./Sources/cbmbasic/cbm_runtime.o
 .debug_line    0x00000061     0x6b2f ./Sources/cbmbasic/cbmbasic.o
 .debug_line    0x00006b90      0x15a ./Sources/font8x8.o
 .debug_line    0x00006cea      0x207 ./Sources/keyboard.o
 .debug_line    0x00006ef1      0x1c6 ./Sources/lcd_console.o
 .debug_line    0x000070b7      0x360 ./Sources/lcdc.o
 .debug_line    0x00007417      0x1ed ./Sources/main.o
 .debug_line    0x00007604      0x242 ./Sources/sdram.o
 .debug_line    0x00007846       0x87 ./Project_Settings/Startup_Code/startup_MK70F12.o
 .debug_line    0x000078cd      0x269 ./Project_Settings/Startup_Code/system_MK70F12.o

.debug_str      0x00000000    0x964ac
 .debug_str     0x00000000     0x2451 ./Sources/cbmbasic/cbm_runtime.o
                               0x2464 (size before relaxing)
 .debug_str     0x00002451    0x257b2 ./Sources/cbmbasic/cbmbasic.o
                              0x27d08 (size before relaxing)
 .debug_str     0x00027c03      0x84d ./Sources/font8x8.o
                               0x2f3b (size before relaxing)
 .debug_str     0x00028450    0x6cf68 ./Sources/keyboard.o
                              0x6feac (size before relaxing)
 .debug_str     0x000953b8       0xa3 ./Sources/lcd_console.o
                               0x2fb4 (size before relaxing)
 .debug_str     0x0009545b      0xc8a ./Sources/lcdc.o
                              0x72ef0 (size before relaxing)
 .debug_str     0x000960e5       0x12 ./Sources/main.o
                              0x70806 (size before relaxing)
 .debug_str     0x000960f7      0x1a1 ./Sources/sdram.o
                              0x7069a (size before relaxing)
 .debug_str     0x00096298      0x214 ./Project_Settings/Startup_Code/system_MK70F12.o
                              0x6ff6b (size before relaxing)

.comment        0x00000000       0x70
 .comment       0x00000000       0x70 ./Sources/cbmbasic/cbm_runtime.o
                                 0x71 (size before relaxing)
 .comment       0x00000000       0x71 ./Sources/cbmbasic/cbmbasic.o
 .comment       0x00000000       0x71 ./Sources/font8x8.o
 .comment       0x00000000       0x71 ./Sources/keyboard.o
 .comment       0x00000000       0x71 ./Sources/lcd_console.o
 .comment       0x00000000       0x71 ./Sources/lcdc.o
 .comment       0x00000000       0x71 ./Sources/main.o
 .comment       0x00000000       0x71 ./Sources/sdram.o
 .comment       0x00000000       0x71 ./Project_Settings/Startup_Code/system_MK70F12.o

.debug_frame    0x00000000      0x8c4
 .debug_frame   0x00000000       0x44 ./Sources/cbmbasic/cbm_runtime.o
 .debug_frame   0x00000044       0x38 ./Sources/cbmbasic/cbmbasic.o
 .debug_frame   0x0000007c       0x5c ./Sources/keyboard.o
 .debug_frame   0x000000d8       0x84 ./Sources/lcd_console.o
 .debug_frame   0x0000015c       0x80 ./Sources/lcdc.o
 .debug_frame   0x000001dc       0x30 ./Sources/main.o
 .debug_frame   0x0000020c       0x28 ./Sources/sdram.o
 .debug_frame   0x00000234       0x44 ./Project_Settings/Startup_Code/system_MK70F12.o
 .debug_frame   0x00000278       0x28 c:/nxp/kds_v3/toolchain/bin/../lib/gcc/arm-none-eabi/4.8.4/../../../../arm-none-eabi/lib/armv7e-m/fpu\libg_s.a(lib_a-exit.o)
 .debug_frame   0x000002a0       0x2c c:/nxp/kds_v3/toolchain/bin/../lib/gcc/arm-none-eabi/4.8.4/../../../../arm-none-eabi/lib/armv7e-m/fpu\libg_s.a(lib_a-init.o)
 .debug_frame   0x000002cc       0x28 c:/nxp/kds_v3/toolchain/bin/../lib/gcc/arm-none-eabi/4.8.4/../../../../arm-none-eabi/lib/armv7e-m/fpu\libg_s.a(lib_a-memcpy-stub.o)
 .debug_frame   0x000002f4       0x20 c:/nxp/kds_v3/toolchain/bin/../lib/gcc/arm-none-eabi/4.8.4/../../../../arm-none-eabi/lib/armv7e-m/fpu\libg_s.a(lib_a-memset.o)
 .debug_frame   0x00000314       0x3c c:/nxp/kds_v3/toolchain/bin/../lib/gcc/arm-none-eabi/4.8.4/../../../../arm-none-eabi/lib/armv7e-m/fpu\libg_s.a(lib_a-puts.o)
 .debug_frame   0x00000350       0x3c c:/nxp/kds_v3/toolchain/bin/../lib/gcc/arm-none-eabi/4.8.4/../../../../arm-none-eabi/lib/armv7e-m/fpu\libg_s.a(lib_a-wbuf.o)
 .debug_frame   0x0000038c       0x2c c:/nxp/kds_v3/toolchain/bin/../lib/gcc/arm-none-eabi/4.8.4/../../../../arm-none-eabi/lib/armv7e-m/fpu\libg_s.a(lib_a-wsetup.o)
 .debug_frame   0x000003b8       0x5c c:/nxp/kds_v3/toolchain/bin/../lib/gcc/arm-none-eabi/4.8.4/../../../../arm-none-eabi/lib/armv7e-m/fpu\libg_s.a(lib_a-fflush.o)
 .debug_frame   0x00000414      0x12c c:/nxp/kds_v3/toolchain/bin/../lib/gcc/arm-none-eabi/4.8.4/../../../../arm-none-eabi/lib/armv7e-m/fpu\libg_s.a(lib_a-findfp.o)
 .debug_frame   0x00000540       0x30 c:/nxp/kds_v3/toolchain/bin/../lib/gcc/arm-none-eabi/4.8.4/../../../../arm-none-eabi/lib/armv7e-m/fpu\libg_s.a(lib_a-makebuf.o)
 .debug_frame   0x00000570       0x2c c:/nxp/kds_v3/toolchain/bin/../lib/gcc/arm-none-eabi/4.8.4/../../../../arm-none-eabi/lib/armv7e-m/fpu\libg_s.a(lib_a-nano-freer.o)
 .debug_frame   0x0000059c       0x2c c:/nxp/kds_v3/toolchain/bin/../lib/gcc/arm-none-eabi/4.8.4/../../../../arm-none-eabi/lib/armv7e-m/fpu\libg_s.a(lib_a-nano-mallocr.o)
 .debug_frame   0x000005c8       0x2c c:/nxp/kds_v3/toolchain/bin/../lib/gcc/arm-none-eabi/4.8.4/../../../../arm-none-eabi/lib/armv7e-m/fpu\libg_s.a(lib_a-sbrkr.o)
 .debug_frame   0x000005f4       0x80 c:/nxp/kds_v3/toolchain/bin/../lib/gcc/arm-none-eabi/4.8.4/../../../../arm-none-eabi/lib/armv7e-m/fpu\libg_s.a(lib_a-stdio.o)
 .debug_frame   0x00000674       0x2c c:/nxp/kds_v3/toolchain/bin/../lib/gcc/arm-none-eabi/4.8.4/../../../../arm-none-eabi/lib/armv7e-m/fpu\libg_s.a(lib_a-writer.o)
 .debug_frame   0x000006a0       0x2c c:/nxp/kds_v3/toolchain/bin/../lib/gcc/arm-none-eabi/4.8.4/../../../../arm-none-eabi/lib/armv7e-m/fpu\libg_s.a(lib_a-closer.o)
 .debug_frame   0x000006cc       0x2c c:/nxp/kds_v3/toolchain/bin/../lib/gcc/arm-none-eabi/4.8.4/../../../../arm-none-eabi/lib/armv7e-m/fpu\libg_s.a(lib_a-fstatr.o)
 .debug_frame   0x000006f8       0x2c c:/nxp/kds_v3/toolchain/bin/../lib/gcc/arm-none-eabi/4.8.4/../../../../arm-none-eabi/lib/armv7e-m/fpu\libg_s.a(lib_a-isattyr.o)
 .debug_frame   0x00000724       0x2c c:/nxp/kds_v3/toolchain/bin/../lib/gcc/arm-none-eabi/4.8.4/../../../../arm-none-eabi/lib/armv7e-m/fpu\libg_s.a(lib_a-lseekr.o)
 .debug_frame   0x00000750       0x2c c:/nxp/kds_v3/toolchain/bin/../lib/gcc/arm-none-eabi/4.8.4/../../../../arm-none-eabi/lib/armv7e-m/fpu\libg_s.a(lib_a-readr.o)
 .debug_frame   0x0000077c       0x48 c:/nxp/kds_v3/toolchain/bin/../lib/gcc/arm-none-eabi/4.8.4/../../../../arm-none-eabi/lib/armv7e-m/fpu\libg_s.a(lib_a-reent.o)
 .debug_frame   0x000007c4       0x20 c:/nxp/kds_v3/toolchain/bin/../lib/gcc/arm-none-eabi/4.8.4/../../../../arm-none-eabi/lib/armv7e-m/fpu\libnosys.a(close.o)
 .debug_frame   0x000007e4       0x20 c:/nxp/kds_v3/toolchain/bin/../lib/gcc/arm-none-eabi/4.8.4/../../../../arm-none-eabi/lib/armv7e-m/fpu\libnosys.a(fstat.o)
 .debug_frame   0x00000804       0x20 c:/nxp/kds_v3/toolchain/bin/../lib/gcc/arm-none-eabi/4.8.4/../../../../arm-none-eabi/lib/armv7e-m/fpu\libnosys.a(isatty.o)
 .debug_frame   0x00000824       0x20 c:/nxp/kds_v3/toolchain/bin/../lib/gcc/arm-none-eabi/4.8.4/../../../../arm-none-eabi/lib/armv7e-m/fpu\libnosys.a(lseek.o)
 .debug_frame   0x00000844       0x20 c:/nxp/kds_v3/toolchain/bin/../lib/gcc/arm-none-eabi/4.8.4/../../../../arm-none-eabi/lib/armv7e-m/fpu\libnosys.a(read.o)
 .debug_frame   0x00000864       0x20 c:/nxp/kds_v3/toolchain/bin/../lib/gcc/arm-none-eabi/4.8.4/../../../../arm-none-eabi/lib/armv7e-m/fpu\libnosys.a(sbrk.o)
 .debug_frame   0x00000884       0x20 c:/nxp/kds_v3/toolchain/bin/../lib/gcc/arm-none-eabi/4.8.4/../../../../arm-none-eabi/lib/armv7e-m/fpu\libnosys.a(write.o)
 .debug_frame   0x000008a4       0x20 c:/nxp/kds_v3/toolchain/bin/../lib/gcc/arm-none-eabi/4.8.4/../../../../arm-none-eabi/lib/armv7e-m/fpu\libnosys.a(_exit.o)

.stab           0x00000000       0x9c
 .stab          0x00000000       0x24 c:/nxp/kds_v3/toolchain/bin/../lib/gcc/arm-none-eabi/4.8.4/../../../../arm-none-eabi/lib/armv7e-m/fpu\libnosys.a(close.o)
 .stab          0x00000024       0x18 c:/nxp/kds_v3/toolchain/bin/../lib/gcc/arm-none-eabi/4.8.4/../../../../arm-none-eabi/lib/armv7e-m/fpu\libnosys.a(fstat.o)
                                 0x24 (size before relaxing)
 .stab          0x0000003c       0x18 c:/nxp/kds_v3/toolchain/bin/../lib/gcc/arm-none-eabi/4.8.4/../../../../arm-none-eabi/lib/armv7e-m/fpu\libnosys.a(isatty.o)
                                 0x24 (size before relaxing)
 .stab          0x00000054       0x18 c:/nxp/kds_v3/toolchain/bin/../lib/gcc/arm-none-eabi/4.8.4/../../../../arm-none-eabi/lib/armv7e-m/fpu\libnosys.a(lseek.o)
                                 0x24 (size before relaxing)
 .stab          0x0000006c       0x18 c:/nxp/kds_v3/toolchain/bin/../lib/gcc/arm-none-eabi/4.8.4/../../../../arm-none-eabi/lib/armv7e-m/fpu\libnosys.a(read.o)
                                 0x24 (size before relaxing)
 .stab          0x00000084       0x18 c:/nxp/kds_v3/toolchain/bin/../lib/gcc/arm-none-eabi/4.8.4/../../../../arm-none-eabi/lib/armv7e-m/fpu\libnosys.a(write.o)
                                 0x24 (size before relaxing)

.stabstr        0x00000000      0x14d
 .stabstr       0x00000000      0x14d c:/nxp/kds_v3/toolchain/bin/../lib/gcc/arm-none-eabi/4.8.4/../../../../arm-none-eabi/lib/armv7e-m/fpu\libnosys.a(close.o)
